// Jest Snapshot v1, https://goo.gl/fbAQLP

exports[`Header renders correctly 1`] = `
Array [
  <header
    className="ecl-site-header"
  >
    <div
      className="ecl-site-header__container ecl-container"
    >
      <div
        className="ecl-site-header__banner"
      >
        <a
          aria-label="European Union"
          className="ecl-link ecl-link--standalone"
          href="/en"
        >
          <img
            alt="European Union logo"
            className="ecl-site-header__logo-image"
            src="file"
            title="European Union"
          />
        </a>
        <div
          className="ecl-site-header__selector"
        >
          <a
            className="ecl-link ecl-link--standalone"
            data-ecl-language-selector={true}
            href="#"
            onClick={[Function]}
          >
            English
            <span
              className="ecl-site-header__language-icon"
            >
              <svg
                aria-hidden="true"
                className="ecl-icon ecl-icon--m"
                focusable="false"
              >
                
                
                <use
                  xlinkHref="file#general--language"
                />
              </svg>
              <span
                className="ecl-site-header__language-code"
              >
                en
              </span>
            </span>
          </a>
        </div>
      </div>
    </div>
    <div
      className="ecl-container ecl-u-pb-m ecl-u-type-xl ecl-u-type-bold"
    >
      <span>
        European
      </span>
      <span
        className="ecl-u-ml-2xs"
      >
        Citizens'
      </span>
      <span
        className="ecl-u-ml-2xs"
      >
        Initiative
      </span>
    </div>
  </header>,
  <div
    data-focus-guard={true}
    style={
      Object {
        "height": "0px",
        "left": "1px",
        "overflow": "hidden",
        "padding": 0,
        "position": "fixed",
        "top": "1px",
        "width": "1px",
      }
    }
    tabIndex={0}
  />,
  <div
    data-focus-guard={true}
    style={
      Object {
        "height": "0px",
        "left": "1px",
        "overflow": "hidden",
        "padding": 0,
        "position": "fixed",
        "top": "1px",
        "width": "1px",
      }
    }
    tabIndex={1}
  />,
  <div
    data-focus-lock-disabled={false}
    onBlur={[Function]}
    onFocus={[Function]}
  >
    <div
      className="ecl-language-list ecl-language-list--overlay"
      data-ecl-language-list-overlay={true}
      hidden={true}
      onKeyDown={[Function]}
    >
      <div
        className="ecl-language-list__container ecl-container"
      >
        <div
          className="ecl-row"
        >
          <div
            className="ecl-language-list__close ecl-col-12 ecl-col-lg-8 ecl-offset-lg-2"
          >
            <button
              className="ecl-language-list__close-button ecl-button ecl-button--ghost"
              data-ecl-language-list-close={true}
              disabled={false}
              onClick={[Function]}
              type="submit"
            >
              <span
                className="ecl-button__container"
              >
                <span
                  className="ecl-button__label"
                  data-ecl-label={true}
                >
                  Close
                </span>
                <svg
                  aria-hidden="true"
                  className="ecl-button__icon ecl-button__icon--after ecl-icon ecl-icon--s"
                  data-ecl-icon={true}
                  focusable="false"
                >
                  
                  
                  <use
                    xlinkHref="file#ui--close"
                  />
                </svg>
              </span>
            </button>
          </div>
          <div
            className="ecl-language-list__title ecl-col-12 ecl-col-lg-8 ecl-offset-lg-2"
          >
            <svg
              aria-hidden="true"
              className="ecl-language-list__title-icon ecl-icon ecl-icon--m"
              focusable="false"
            >
              
              
              <use
                xlinkHref="file#general--generic-lang"
              />
            </svg>
            Select your language
          </div>
        </div>
        <div
          className="ecl-row"
        >
          <div
            className="ecl-language-list__column ecl-col-12 ecl-col-lg-4 ecl-offset-lg-2"
          >
            <ul
              className="ecl-language-list__list"
            >
              <li
                className="ecl-language-list__item "
              >
                <a
                  className="ecl-language-list__link ecl-link ecl-link--standalone ecl-link"
                  href="/bg/how-it-works"
                  hrefLang="bg"
                  lang="bg"
                  onClick={[Function]}
                  rel="alternate"
                >
                  български
                </a>
              </li>
              <li
                className="ecl-language-list__item "
              >
                <a
                  className="ecl-language-list__link ecl-link ecl-link--standalone ecl-link"
                  href="/es/how-it-works"
                  hrefLang="es"
                  lang="es"
                  onClick={[Function]}
                  rel="alternate"
                >
                  español
                </a>
              </li>
              <li
                className="ecl-language-list__item "
              >
                <a
                  className="ecl-language-list__link ecl-link ecl-link--standalone ecl-link"
                  href="/cs/how-it-works"
                  hrefLang="cs"
                  lang="cs"
                  onClick={[Function]}
                  rel="alternate"
                >
                  čeština
                </a>
              </li>
              <li
                className="ecl-language-list__item "
              >
                <a
                  className="ecl-language-list__link ecl-link ecl-link--standalone ecl-link"
                  href="/da/how-it-works"
                  hrefLang="da"
                  lang="da"
                  onClick={[Function]}
                  rel="alternate"
                >
                  dansk
                </a>
              </li>
              <li
                className="ecl-language-list__item "
              >
                <a
                  className="ecl-language-list__link ecl-link ecl-link--standalone ecl-link"
                  href="/de/how-it-works"
                  hrefLang="de"
                  lang="de"
                  onClick={[Function]}
                  rel="alternate"
                >
                  Deutsch
                </a>
              </li>
              <li
                className="ecl-language-list__item "
              >
                <a
                  className="ecl-language-list__link ecl-link ecl-link--standalone ecl-link"
                  href="/et/how-it-works"
                  hrefLang="et"
                  lang="et"
                  onClick={[Function]}
                  rel="alternate"
                >
                  eesti
                </a>
              </li>
              <li
                className="ecl-language-list__item "
              >
                <a
                  className="ecl-language-list__link ecl-link ecl-link--standalone ecl-link"
                  href="/el/how-it-works"
                  hrefLang="el"
                  lang="el"
                  onClick={[Function]}
                  rel="alternate"
                >
                  ελληνικά
                </a>
              </li>
              <li
                className="ecl-language-list__item ecl-language-list__item--is-active"
              >
                <a
                  className="ecl-language-list__link ecl-link ecl-link--standalone ecl-link ecl-link--icon ecl-link--icon-after"
                  href="/en/how-it-works"
                  hrefLang="en"
                  lang="en"
                  onClick={[Function]}
                  rel="alternate"
                >
                  <span
                    className="ecl-link__label"
                  >
                    English
                  </span>
                   
                  <svg
                    aria-hidden="true"
                    className="ecl-link__icon ecl-icon ecl-icon--xs"
                    focusable="false"
                  >
                    
                    
                    <use
                      xlinkHref="file#ui--check"
                    />
                  </svg>
                </a>
              </li>
              <li
                className="ecl-language-list__item "
              >
                <a
                  className="ecl-language-list__link ecl-link ecl-link--standalone ecl-link"
                  href="/fr/how-it-works"
                  hrefLang="fr"
                  lang="fr"
                  onClick={[Function]}
                  rel="alternate"
                >
                  français
                </a>
              </li>
              <li
                className="ecl-language-list__item "
              >
                <a
                  className="ecl-language-list__link ecl-link ecl-link--standalone ecl-link"
                  href="/ga/how-it-works"
                  hrefLang="ga"
                  lang="ga"
                  onClick={[Function]}
                  rel="alternate"
                >
                  Gaeilge
                </a>
              </li>
              <li
                className="ecl-language-list__item "
              >
                <a
                  className="ecl-language-list__link ecl-link ecl-link--standalone ecl-link"
                  href="/hr/how-it-works"
                  hrefLang="hr"
                  lang="hr"
                  onClick={[Function]}
                  rel="alternate"
                >
                  hrvatski
                </a>
              </li>
              <li
                className="ecl-language-list__item "
              >
                <a
                  className="ecl-language-list__link ecl-link ecl-link--standalone ecl-link"
                  href="/it/how-it-works"
                  hrefLang="it"
                  lang="it"
                  onClick={[Function]}
                  rel="alternate"
                >
                  italiano
                </a>
              </li>
            </ul>
          </div>
          <div
            className="ecl-language-list__column ecl-col-12 ecl-col-lg-4"
          >
            <ul
              className="ecl-language-list__list"
            >
              <li
                className="ecl-language-list__item "
              >
                <a
                  className="ecl-language-list__link ecl-link ecl-link--standalone ecl-link"
                  href="/lv/how-it-works"
                  hrefLang="lv"
                  lang="lv"
                  onClick={[Function]}
                  rel="alternate"
                >
                  latviešu
                </a>
              </li>
              <li
                className="ecl-language-list__item "
              >
                <a
                  className="ecl-language-list__link ecl-link ecl-link--standalone ecl-link"
                  href="/lt/how-it-works"
                  hrefLang="lt"
                  lang="lt"
                  onClick={[Function]}
                  rel="alternate"
                >
                  lietuvių
                </a>
              </li>
              <li
                className="ecl-language-list__item "
              >
                <a
                  className="ecl-language-list__link ecl-link ecl-link--standalone ecl-link"
                  href="/hu/how-it-works"
                  hrefLang="hu"
                  lang="hu"
                  onClick={[Function]}
                  rel="alternate"
                >
                  magyar
                </a>
              </li>
              <li
                className="ecl-language-list__item "
              >
                <a
                  className="ecl-language-list__link ecl-link ecl-link--standalone ecl-link"
                  href="/mt/how-it-works"
                  hrefLang="mt"
                  lang="mt"
                  onClick={[Function]}
                  rel="alternate"
                >
                  Malti
                </a>
              </li>
              <li
                className="ecl-language-list__item "
              >
                <a
                  className="ecl-language-list__link ecl-link ecl-link--standalone ecl-link"
                  href="/nl/how-it-works"
                  hrefLang="nl"
                  lang="nl"
                  onClick={[Function]}
                  rel="alternate"
                >
                  Nederlands
                </a>
              </li>
              <li
                className="ecl-language-list__item "
              >
                <a
                  className="ecl-language-list__link ecl-link ecl-link--standalone ecl-link"
                  href="/pl/how-it-works"
                  hrefLang="pl"
                  lang="pl"
                  onClick={[Function]}
                  rel="alternate"
                >
                  polski
                </a>
              </li>
              <li
                className="ecl-language-list__item "
              >
                <a
                  className="ecl-language-list__link ecl-link ecl-link--standalone ecl-link"
                  href="/pt/how-it-works"
                  hrefLang="pt"
                  lang="pt"
                  onClick={[Function]}
                  rel="alternate"
                >
                  português
                </a>
              </li>
              <li
                className="ecl-language-list__item "
              >
                <a
                  className="ecl-language-list__link ecl-link ecl-link--standalone ecl-link"
                  href="/ro/how-it-works"
                  hrefLang="ro"
                  lang="ro"
                  onClick={[Function]}
                  rel="alternate"
                >
                  română
                </a>
              </li>
              <li
                className="ecl-language-list__item "
              >
                <a
                  className="ecl-language-list__link ecl-link ecl-link--standalone ecl-link"
                  href="/sk/how-it-works"
                  hrefLang="sk"
                  lang="sk"
                  onClick={[Function]}
                  rel="alternate"
                >
                  slovenčina
                </a>
              </li>
              <li
                className="ecl-language-list__item "
              >
                <a
                  className="ecl-language-list__link ecl-link ecl-link--standalone ecl-link"
                  href="/sl/how-it-works"
                  hrefLang="sl"
                  lang="sl"
                  onClick={[Function]}
                  rel="alternate"
                >
                  slovenščina
                </a>
              </li>
              <li
                className="ecl-language-list__item "
              >
                <a
                  className="ecl-language-list__link ecl-link ecl-link--standalone ecl-link"
                  href="/fi/how-it-works"
                  hrefLang="fi"
                  lang="fi"
                  onClick={[Function]}
                  rel="alternate"
                >
                  suomi
                </a>
              </li>
              <li
                className="ecl-language-list__item "
              >
                <a
                  className="ecl-language-list__link ecl-link ecl-link--standalone ecl-link"
                  href="/sv/how-it-works"
                  hrefLang="sv"
                  lang="sv"
                  onClick={[Function]}
                  rel="alternate"
                >
                  svenska
                </a>
              </li>
            </ul>
          </div>
        </div>
      </div>
    </div>
  </div>,
  <div
    data-focus-guard={true}
    style={
      Object {
        "height": "0px",
        "left": "1px",
        "overflow": "hidden",
        "padding": 0,
        "position": "fixed",
        "top": "1px",
        "width": "1px",
      }
    }
    tabIndex={0}
  />,
]
`;
