// Jest Snapshot v1, https://goo.gl/fbAQLP

exports[`Select renders correctly 1`] = `
<div
  className="ecl-form-group ecl-form-group--select"
>
  
  
  <div
    className="ecl-select__container"
  >
    <select
      className="ecl-select"
      disabled={false}
      id="foo"
    />
    <div
      className="ecl-select__icon"
    >
      <svg
        aria-hidden="true"
        className="ecl-select__icon-shape ecl-icon ecl-icon--s ecl-icon--rotate-180"
        focusable="false"
      >
        
        
        <use
          xlinkHref="file#ui--corner-arrow"
        />
      </svg>
    </div>
  </div>
</div>
`;
