// Jest Snapshot v1, https://goo.gl/fbAQLP

exports[`getCountries utlity returns a list of values 1`] = `
Object {
  "ad": "Andorra",
  "al": "Albania",
  "am": "Armenia",
  "at": "Austria",
  "be": "Belgium",
  "bg": "Bulgaria",
  "cy": "Cyprus",
  "cz": "Czech Republic",
  "da": "Denmark",
  "de": "Germany",
  "dk": "Denmark",
  "ee": "Estonia",
  "es": "Spain",
  "fi": "Finland",
  "fr": "France",
  "ga": "Ireland",
  "gb": "United Kingdom",
  "gr": "Greece",
  "hr": "Croatia",
  "hu": "Hungary",
  "ie": "Ireland",
  "it": "Italia",
  "lt": "Lithuania",
  "lu": "Luxembourg",
  "lv": "Latvia",
  "mt": "Malta",
  "nl": "Netherlands",
  "pl": "Poland",
  "pt": "Portugal",
  "ro": "Romania",
  "se": "Sweden",
  "si": "Slovenia",
  "sk": "Slovakia",
}
`;
