// Jest Snapshot v1, https://goo.gl/fbAQLP

exports[`DraftLegal renders correctly provided an input 1`] = `
Array [
  <h2
    className="ecl-u-type-heading-2"
  >
    Draft legal act
  </h2>,
  <div
    className="ecl-file"
    data-ecl-file={true}
  >
    <div
      className="ecl-file__container"
    >
      <svg
        aria-hidden="true"
        className="ecl-file__icon ecl-icon ecl-icon--2xl ecl-icon ecl-icon--m"
        focusable="false"
      >
        
        
        <use
          xlinkHref="file#general--copy"
        />
      </svg>
      <div
        className="ecl-file__info"
      >
        <div
          className="ecl-file__title"
        >
          test
        </div>
        <div
          className="ecl-file__meta"
        >
          (
          10 Bytes
           -
           
          TXT
          )
        </div>
      </div>
      <a
        className="ecl-link ecl-link--standalone"
        download={true}
        href="undefined/register/document/16806"
      >
        <span
          className="ecl-link__label"
        >
          Download
        </span>
         
        <svg
          aria-hidden="true"
          className="ecl-icon--fluid ecl-link__icon ecl-icon ecl-icon--m"
          focusable="false"
        >
          
          
          <use
            xlinkHref="file#ui--download"
          />
        </svg>
      </a>
    </div>
  </div>,
]
`;
